// Jest Snapshot v1, https://goo.gl/fbAQLP

exports[`Tests on RegisterScreen.js Should make a snapshot 1`] = `
Array [
  <h3
    className="auth__title"
  >
     Register 
  </h3>,
  <form
    className="animate__animated animate__fadeIn animate__faster"
    onSubmit={[Function]}
  >
    <input
      autoComplete="off"
      className="auth__input"
      name="name"
      onChange={[Function]}
      placeholder="Name"
      type="text"
      value="Gabo"
    />
    <input
      autoComplete="off"
      className="auth__input"
      name="email"
      onChange={[Function]}
      placeholder="Email"
      type="text"
      value="test@email.com"
    />
    <input
      className="auth__input"
      name="password"
      onChange={[Function]}
      placeholder="Password"
      type="password"
      value="Multisucredota95."
    />
    <input
      className="auth__input"
      name="password2"
      onChange={[Function]}
      placeholder="Confirm password"
      type="password"
      value="Multisucredota95."
    />
    <button
      className="btn btn-primary btn-block mb-5"
      onSubmit={[Function]}
      type="submit"
    >
      Register
    </button>
    <a
      className="link"
      href="/auth/login"
      onClick={[Function]}
    >
      Already register?
    </a>
  </form>,
]
`;
